MACRO_checkif1or2:
  push 1 
   pick
  push 1 
   sub 
  jz LABEL1
  push 1 
   pick
  push 2 
   sub 
  jz LABEL9
  jmp LABEL10
  @label LABEL9:
  push 2 
   output 
  @label LABEL10:
  jmp LABEL2
  @label LABEL1:
  push 1 
   output 
  @label LABEL2:
#____________________
MACRO_next:
  push 1 
   pick
  push 1 
   pick
  push 1 
   add 
  jz LABEL3
  call MACRO_next
  jmp LABEL4
  @label LABEL3:
  push 1 
   pick
  push 100 
   cmp 
  jz LABEL11
  push 1 
   pick
  jmp LABEL12
  @label LABEL11:
   output 
  abort 
  @label LABEL12:
  @label LABEL4:
#____________________
MAIN:
  push 0 
  input 
  call MACRO_checkif1or2
  call MACRO_next
#____________________
